python : C:\Users\KAVINESH\anaconda3\Lib\site-packages\requests
\__init__.py:113: RequestsDependencyWarning: urllib3 (2.5.0) 
or chardet (7.0.1)/charset_normalizer (3.4.4) doesn't match a 
supported version!
At line:1 char:1
+ python -m pytest tests/test_predictive_model_properties.py 
--tb=short ...
+ ~~~~~~~~~~~~~~~~~~~~~~~~~~~~~~~~~~~~~~~~~~~~~~~~~~~~~~~~~~~~~
~~~~~~~~
    + CategoryInfo          : NotSpecified: (C:\Users\KAVINE.. 
   .ported version!:String) [], RemoteException
    + FullyQualifiedErrorId : NativeCommandError
 
  warnings.warn(
============================= test session starts =============================
platform win32 -- Python 3.12.7, pytest-8.4.2, pluggy-1.6.0
rootdir: D:\Wikipedia-Product-Analysis
configfile: pytest.ini
plugins: anyio-4.11.0, hypothesis-6.151.5, langsmith-0.3.39, logfire-4.25.0, asyncio-1.2.0, cov-7.0.0
asyncio: mode=Mode.STRICT, debug=False, asyncio_default_fixture_loop_scope=None, asyncio_default_test_loop_scope=function
collected 6 items

tests\test_predictive_model_properties.py ......                         [100%]

============================== warnings summary ===============================
C:\Users\KAVINESH\anaconda3\Lib\site-packages\jupyter_client\connect.py:22
  C:\Users\KAVINESH\anaconda3\Lib\site-packages\jupyter_client\connect.py:22: DeprecationWarning: Jupyter is migrating its paths to use standard platformdirs
  given by the platformdirs library.  To remove this warning and
  see the appropriate new directories, set the environment variable
  `JUPYTER_PLATFORM_DIRS=1` and then run `jupyter --paths`.
  The use of platformdirs will be the default in `jupyter_core` v6
    from jupyter_core.paths import jupyter_data_dir, jupyter_runtime_dir, secure_write

-- Docs: https://docs.pytest.org/en/stable/how-to/capture-warnings.html
================== 6 passed, 1 warning in 6901.27s (1:55:01) ==================
